
[1m[46m RUN [49m[22m [36mv4.1.0 [39m[90mC:/Users/donat/IdeaProjects/manzione-properties-react[39m

node.exe : [31mΓÄ»ΓÄ»ΓÄ»ΓÄ»ΓÄ»ΓÄ»[39m[1m[41m Unhandled Errors [49m[22m[31mΓÄ»ΓÄ»ΓÄ»ΓÄ»ΓÄ»ΓÄ»[39m
At line:1 char:1
+ & "C:\Program Files\nodejs/node.exe" "C:\Program Files\nodejs/node_mo ...
+ ~~~~~~~~~~~~~~~~~~~~~~~~~~~~~~~~~~~~~~~~~~~~~~~~~~~~~~~~~~~~~~~~~~~~~
    + CategoryInfo          : NotSpecified: ([31mΓÄ»ΓÄ»ΓÄ»Γ...»ΓÄ»ΓÄ»ΓÄ»[39m:String) [], RemoteException
    + FullyQualifiedErrorId : NativeCommandError
 
[31m[1m
Vitest caught 3 unhandled errors during the test run.
This might cause false positive tests. Resolve unhandled errors to make sure your tests are not affected.[22m[39m

[31mΓÄ»ΓÄ»ΓÄ»ΓÄ»ΓÄ»ΓÄ»[39m[1m[41m Unhandled Error [49m[22m[31mΓÄ»ΓÄ»ΓÄ»ΓÄ»ΓÄ»ΓÄ»ΓÄ»[39m
[31m[1mError[22m: [vitest-pool]: Failed to start forks worker for test files 
C:/Users/donat/IdeaProjects/manzione-properties-react/src/test/dataStore.test.ts.[39m
[90m [2mΓ¥»[22m node_modules/vitest/dist/chunks/cli-api.DuT9iuvY.js:[2m3455:94[22m[39m
[90m [2mΓ¥»[22m processTicksAndRejections node:internal/process/task_queues:[2m104:5[22m[39m
[90m [2mΓ¥»[22m Pool.schedule node_modules/vitest/dist/chunks/cli-api.DuT9iuvY.js:[2m3455:5[22m[39m

[31m[1mCaused by: TypeError[22m: LRUCache is not a constructor[39m
[90m [2mΓ¥»[22m Object.<anonymous> node_modules/jsdom/lib/jsdom/living/css/helpers/css-values.js:[2m89:18[22m[39m
[90m [2mΓ¥»[22m Module._compile node:internal/modules/cjs/loader:[2m1829:14[22m[39m
[90m [2mΓ¥»[22m Object..js node:internal/modules/cjs/loader:[2m1969:10[22m[39m
[90m [2mΓ¥»[22m Module.load node:internal/modules/cjs/loader:[2m1552:32[22m[39m
[90m [2mΓ¥»[22m Module._load node:internal/modules/cjs/loader:[2m1354:12[22m[39m
[90m [2mΓ¥»[22m wrapModuleLoad node:internal/modules/cjs/loader:[2m255:19[22m[39m
[90m [2mΓ¥»[22m Module.require node:internal/modules/cjs/loader:[2m1575:12[22m[39m
[90m [2mΓ¥»[22m require node:internal/modules/helpers:[2m191:16[22m[39m
[90m [2mΓ¥»[22m Object.<anonymous> node_modules/jsdom/lib/jsdom/living/css/properties/background.js:[2m3:17[22m[39m
[90m [2mΓ¥»[22m Module._compile node:internal/modules/cjs/loader:[2m1829:14[22m[39m


[31mΓÄ»ΓÄ»ΓÄ»ΓÄ»ΓÄ»ΓÄ»[39m[1m[41m Unhandled Error [49m[22m[31mΓÄ»ΓÄ»ΓÄ»ΓÄ»ΓÄ»ΓÄ»ΓÄ»[39m
[31m[1mError[22m: [vitest-pool]: Failed to start forks worker for test files 
C:/Users/donat/IdeaProjects/manzione-properties-react/src/test/schemas.test.ts.[39m
[90m [2mΓ¥»[22m node_modules/vitest/dist/chunks/cli-api.DuT9iuvY.js:[2m3455:94[22m[39m
[90m [2mΓ¥»[22m processTicksAndRejections node:internal/process/task_queues:[2m104:5[22m[39m
[90m [2mΓ¥»[22m Pool.schedule node_modules/vitest/dist/chunks/cli-api.DuT9iuvY.js:[2m3455:5[22m[39m

[31m[1mCaused by: TypeError[22m: LRUCache is not a constructor[39m
[90m [2mΓ¥»[22m Object.<anonymous> node_modules/jsdom/lib/jsdom/living/css/helpers/css-values.js:[2m89:18[22m[39m
[90m [2mΓ¥»[22m Module._compile node:internal/modules/cjs/loader:[2m1829:14[22m[39m
[90m [2mΓ¥»[22m Object..js node:internal/modules/cjs/loader:[2m1969:10[22m[39m
[90m [2mΓ¥»[22m Module.load node:internal/modules/cjs/loader:[2m1552:32[22m[39m
[90m [2mΓ¥»[22m Module._load node:internal/modules/cjs/loader:[2m1354:12[22m[39m
[90m [2mΓ¥»[22m wrapModuleLoad node:internal/modules/cjs/loader:[2m255:19[22m[39m
[90m [2mΓ¥»[22m Module.require node:internal/modules/cjs/loader:[2m1575:12[22m[39m
[90m [2mΓ¥»[22m require node:internal/modules/helpers:[2m191:16[22m[39m
[90m [2mΓ¥»[22m Object.<anonymous> node_modules/jsdom/lib/jsdom/living/css/properties/background.js:[2m3:17[22m[39m
[90m [2mΓ¥»[22m Module._compile node:internal/modules/cjs/loader:[2m1829:14[22m[39m


[31mΓÄ»ΓÄ»ΓÄ»ΓÄ»ΓÄ»ΓÄ»[39m[1m[41m Unhandled Error [49m[22m[31mΓÄ»ΓÄ»ΓÄ»ΓÄ»ΓÄ»ΓÄ»ΓÄ»[39m
[31m[1mError[22m: [vitest-pool]: Failed to start forks worker for test files 
C:/Users/donat/IdeaProjects/manzione-properties-react/src/test/authStore.test.ts.[39m
[90m [2mΓ¥»[22m node_modules/vitest/dist/chunks/cli-api.DuT9iuvY.js:[2m3455:94[22m[39m
[90m [2mΓ¥»[22m processTicksAndRejections node:internal/process/task_queues:[2m104:5[22m[39m
[90m [2mΓ¥»[22m Pool.schedule node_modules/vitest/dist/chunks/cli-api.DuT9iuvY.js:[2m3455:5[22m[39m

[31m[1mCaused by: TypeError[22m: LRUCache is not a constructor[39m
[90m [2mΓ¥»[22m Object.<anonymous> node_modules/jsdom/lib/jsdom/living/css/helpers/css-values.js:[2m89:18[22m[39m
[90m [2mΓ¥»[22m Module._compile node:internal/modules/cjs/loader:[2m1829:14[22m[39m
[90m [2mΓ¥»[22m Object..js node:internal/modules/cjs/loader:[2m1969:10[22m[39m
[90m [2mΓ¥»[22m Module.load node:internal/modules/cjs/loader:[2m1552:32[22m[39m
[90m [2mΓ¥»[22m Module._load node:internal/modules/cjs/loader:[2m1354:12[22m[39m
[90m [2mΓ¥»[22m wrapModuleLoad node:internal/modules/cjs/loader:[2m255:19[22m[39m
[90m [2mΓ¥»[22m Module.require node:internal/modules/cjs/loader:[2m1575:12[22m[39m
[90m [2mΓ¥»[22m require node:internal/modules/helpers:[2m191:16[22m[39m
[90m [2mΓ¥»[22m Object.<anonymous> node_modules/jsdom/lib/jsdom/living/css/properties/background.js:[2m3:17[22m[39m
[90m [2mΓ¥»[22m Module._compile node:internal/modules/cjs/loader:[2m1829:14[22m[39m

[31mΓÄ»ΓÄ»ΓÄ»ΓÄ»ΓÄ»ΓÄ»ΓÄ»ΓÄ»ΓÄ»ΓÄ»ΓÄ»ΓÄ»ΓÄ»ΓÄ»ΓÄ»ΓÄ»ΓÄ»ΓÄ»ΓÄ»ΓÄ»ΓÄ»ΓÄ»ΓÄ»ΓÄ»ΓÄ»ΓÄ»ΓÄ»ΓÄ»ΓÄ»ΓÄ»[39m


[2m Test Files [22m [2mno tests[22m
[2m      Tests [22m [2mno tests[22m
[2m     Errors [22m [1m[31m3 errors[39m[22m
[2m   Start at [22m 18:15:49
[2m   Duration [22m 3.57s[2m (transform 0ms, setup 0ms, import 0ms, tests 0ms, environment 0ms)[22m

